// Jest Snapshot v1, https://goo.gl/fbAQLP

exports[`GET /leaderboard should return empty leaderboard 1`] = `
Object {
  "leaderboard": Array [],
}
`;

exports[`GET /leaderboard should return leaderboard even if not fully filled 1`] = `
Object {
  "leaderboard": Array [
    Object {
      "date": "1970-01-01T00:00:00.000Z",
      "id": 4,
      "name": "Leader4",
      "score": 5,
    },
    Object {
      "date": "1970-01-01T00:00:00.000Z",
      "id": 3,
      "name": "Leader3",
      "score": 4,
    },
    Object {
      "date": "1970-01-01T00:00:00.000Z",
      "id": 2,
      "name": "Leader2",
      "score": 3,
    },
    Object {
      "date": "1970-01-01T00:00:00.000Z",
      "id": 1,
      "name": "Leader1",
      "score": 2,
    },
    Object {
      "date": "1970-01-01T00:00:00.000Z",
      "id": 0,
      "name": "Leader0",
      "score": 1,
    },
  ],
}
`;

exports[`GET /leaderboard should truncate leaderboard and return sorted by score 1`] = `
Object {
  "leaderboard": Array [
    Object {
      "date": "1970-01-01T00:00:00.000Z",
      "id": 119,
      "name": "Leader119",
      "score": 120,
    },
    Object {
      "date": "1970-01-01T00:00:00.000Z",
      "id": 118,
      "name": "Leader118",
      "score": 119,
    },
    Object {
      "date": "1970-01-01T00:00:00.000Z",
      "id": 117,
      "name": "Leader117",
      "score": 118,
    },
    Object {
      "date": "1970-01-01T00:00:00.000Z",
      "id": 116,
      "name": "Leader116",
      "score": 117,
    },
    Object {
      "date": "1970-01-01T00:00:00.000Z",
      "id": 115,
      "name": "Leader115",
      "score": 116,
    },
    Object {
      "date": "1970-01-01T00:00:00.000Z",
      "id": 114,
      "name": "Leader114",
      "score": 115,
    },
    Object {
      "date": "1970-01-01T00:00:00.000Z",
      "id": 113,
      "name": "Leader113",
      "score": 114,
    },
    Object {
      "date": "1970-01-01T00:00:00.000Z",
      "id": 112,
      "name": "Leader112",
      "score": 113,
    },
    Object {
      "date": "1970-01-01T00:00:00.000Z",
      "id": 111,
      "name": "Leader111",
      "score": 112,
    },
    Object {
      "date": "1970-01-01T00:00:00.000Z",
      "id": 110,
      "name": "Leader110",
      "score": 111,
    },
    Object {
      "date": "1970-01-01T00:00:00.000Z",
      "id": 109,
      "name": "Leader109",
      "score": 110,
    },
    Object {
      "date": "1970-01-01T00:00:00.000Z",
      "id": 108,
      "name": "Leader108",
      "score": 109,
    },
    Object {
      "date": "1970-01-01T00:00:00.000Z",
      "id": 107,
      "name": "Leader107",
      "score": 108,
    },
    Object {
      "date": "1970-01-01T00:00:00.000Z",
      "id": 106,
      "name": "Leader106",
      "score": 107,
    },
    Object {
      "date": "1970-01-01T00:00:00.000Z",
      "id": 105,
      "name": "Leader105",
      "score": 106,
    },
    Object {
      "date": "1970-01-01T00:00:00.000Z",
      "id": 104,
      "name": "Leader104",
      "score": 105,
    },
    Object {
      "date": "1970-01-01T00:00:00.000Z",
      "id": 103,
      "name": "Leader103",
      "score": 104,
    },
    Object {
      "date": "1970-01-01T00:00:00.000Z",
      "id": 102,
      "name": "Leader102",
      "score": 103,
    },
    Object {
      "date": "1970-01-01T00:00:00.000Z",
      "id": 101,
      "name": "Leader101",
      "score": 102,
    },
    Object {
      "date": "1970-01-01T00:00:00.000Z",
      "id": 100,
      "name": "Leader100",
      "score": 101,
    },
    Object {
      "date": "1970-01-01T00:00:00.000Z",
      "id": 99,
      "name": "Leader99",
      "score": 100,
    },
    Object {
      "date": "1970-01-01T00:00:00.000Z",
      "id": 98,
      "name": "Leader98",
      "score": 99,
    },
    Object {
      "date": "1970-01-01T00:00:00.000Z",
      "id": 97,
      "name": "Leader97",
      "score": 98,
    },
    Object {
      "date": "1970-01-01T00:00:00.000Z",
      "id": 96,
      "name": "Leader96",
      "score": 97,
    },
    Object {
      "date": "1970-01-01T00:00:00.000Z",
      "id": 95,
      "name": "Leader95",
      "score": 96,
    },
    Object {
      "date": "1970-01-01T00:00:00.000Z",
      "id": 94,
      "name": "Leader94",
      "score": 95,
    },
    Object {
      "date": "1970-01-01T00:00:00.000Z",
      "id": 93,
      "name": "Leader93",
      "score": 94,
    },
    Object {
      "date": "1970-01-01T00:00:00.000Z",
      "id": 92,
      "name": "Leader92",
      "score": 93,
    },
    Object {
      "date": "1970-01-01T00:00:00.000Z",
      "id": 91,
      "name": "Leader91",
      "score": 92,
    },
    Object {
      "date": "1970-01-01T00:00:00.000Z",
      "id": 90,
      "name": "Leader90",
      "score": 91,
    },
    Object {
      "date": "1970-01-01T00:00:00.000Z",
      "id": 89,
      "name": "Leader89",
      "score": 90,
    },
    Object {
      "date": "1970-01-01T00:00:00.000Z",
      "id": 88,
      "name": "Leader88",
      "score": 89,
    },
    Object {
      "date": "1970-01-01T00:00:00.000Z",
      "id": 87,
      "name": "Leader87",
      "score": 88,
    },
    Object {
      "date": "1970-01-01T00:00:00.000Z",
      "id": 86,
      "name": "Leader86",
      "score": 87,
    },
    Object {
      "date": "1970-01-01T00:00:00.000Z",
      "id": 85,
      "name": "Leader85",
      "score": 86,
    },
    Object {
      "date": "1970-01-01T00:00:00.000Z",
      "id": 84,
      "name": "Leader84",
      "score": 85,
    },
    Object {
      "date": "1970-01-01T00:00:00.000Z",
      "id": 83,
      "name": "Leader83",
      "score": 84,
    },
    Object {
      "date": "1970-01-01T00:00:00.000Z",
      "id": 82,
      "name": "Leader82",
      "score": 83,
    },
    Object {
      "date": "1970-01-01T00:00:00.000Z",
      "id": 81,
      "name": "Leader81",
      "score": 82,
    },
    Object {
      "date": "1970-01-01T00:00:00.000Z",
      "id": 80,
      "name": "Leader80",
      "score": 81,
    },
    Object {
      "date": "1970-01-01T00:00:00.000Z",
      "id": 79,
      "name": "Leader79",
      "score": 80,
    },
    Object {
      "date": "1970-01-01T00:00:00.000Z",
      "id": 78,
      "name": "Leader78",
      "score": 79,
    },
    Object {
      "date": "1970-01-01T00:00:00.000Z",
      "id": 77,
      "name": "Leader77",
      "score": 78,
    },
    Object {
      "date": "1970-01-01T00:00:00.000Z",
      "id": 76,
      "name": "Leader76",
      "score": 77,
    },
    Object {
      "date": "1970-01-01T00:00:00.000Z",
      "id": 75,
      "name": "Leader75",
      "score": 76,
    },
    Object {
      "date": "1970-01-01T00:00:00.000Z",
      "id": 74,
      "name": "Leader74",
      "score": 75,
    },
    Object {
      "date": "1970-01-01T00:00:00.000Z",
      "id": 73,
      "name": "Leader73",
      "score": 74,
    },
    Object {
      "date": "1970-01-01T00:00:00.000Z",
      "id": 72,
      "name": "Leader72",
      "score": 73,
    },
    Object {
      "date": "1970-01-01T00:00:00.000Z",
      "id": 71,
      "name": "Leader71",
      "score": 72,
    },
    Object {
      "date": "1970-01-01T00:00:00.000Z",
      "id": 70,
      "name": "Leader70",
      "score": 71,
    },
    Object {
      "date": "1970-01-01T00:00:00.000Z",
      "id": 69,
      "name": "Leader69",
      "score": 70,
    },
    Object {
      "date": "1970-01-01T00:00:00.000Z",
      "id": 68,
      "name": "Leader68",
      "score": 69,
    },
    Object {
      "date": "1970-01-01T00:00:00.000Z",
      "id": 67,
      "name": "Leader67",
      "score": 68,
    },
    Object {
      "date": "1970-01-01T00:00:00.000Z",
      "id": 66,
      "name": "Leader66",
      "score": 67,
    },
    Object {
      "date": "1970-01-01T00:00:00.000Z",
      "id": 65,
      "name": "Leader65",
      "score": 66,
    },
    Object {
      "date": "1970-01-01T00:00:00.000Z",
      "id": 64,
      "name": "Leader64",
      "score": 65,
    },
    Object {
      "date": "1970-01-01T00:00:00.000Z",
      "id": 63,
      "name": "Leader63",
      "score": 64,
    },
    Object {
      "date": "1970-01-01T00:00:00.000Z",
      "id": 62,
      "name": "Leader62",
      "score": 63,
    },
    Object {
      "date": "1970-01-01T00:00:00.000Z",
      "id": 61,
      "name": "Leader61",
      "score": 62,
    },
    Object {
      "date": "1970-01-01T00:00:00.000Z",
      "id": 60,
      "name": "Leader60",
      "score": 61,
    },
    Object {
      "date": "1970-01-01T00:00:00.000Z",
      "id": 59,
      "name": "Leader59",
      "score": 60,
    },
    Object {
      "date": "1970-01-01T00:00:00.000Z",
      "id": 58,
      "name": "Leader58",
      "score": 59,
    },
    Object {
      "date": "1970-01-01T00:00:00.000Z",
      "id": 57,
      "name": "Leader57",
      "score": 58,
    },
    Object {
      "date": "1970-01-01T00:00:00.000Z",
      "id": 56,
      "name": "Leader56",
      "score": 57,
    },
    Object {
      "date": "1970-01-01T00:00:00.000Z",
      "id": 55,
      "name": "Leader55",
      "score": 56,
    },
    Object {
      "date": "1970-01-01T00:00:00.000Z",
      "id": 54,
      "name": "Leader54",
      "score": 55,
    },
    Object {
      "date": "1970-01-01T00:00:00.000Z",
      "id": 53,
      "name": "Leader53",
      "score": 54,
    },
    Object {
      "date": "1970-01-01T00:00:00.000Z",
      "id": 52,
      "name": "Leader52",
      "score": 53,
    },
    Object {
      "date": "1970-01-01T00:00:00.000Z",
      "id": 51,
      "name": "Leader51",
      "score": 52,
    },
    Object {
      "date": "1970-01-01T00:00:00.000Z",
      "id": 50,
      "name": "Leader50",
      "score": 51,
    },
    Object {
      "date": "1970-01-01T00:00:00.000Z",
      "id": 49,
      "name": "Leader49",
      "score": 50,
    },
    Object {
      "date": "1970-01-01T00:00:00.000Z",
      "id": 48,
      "name": "Leader48",
      "score": 49,
    },
    Object {
      "date": "1970-01-01T00:00:00.000Z",
      "id": 47,
      "name": "Leader47",
      "score": 48,
    },
    Object {
      "date": "1970-01-01T00:00:00.000Z",
      "id": 46,
      "name": "Leader46",
      "score": 47,
    },
    Object {
      "date": "1970-01-01T00:00:00.000Z",
      "id": 45,
      "name": "Leader45",
      "score": 46,
    },
    Object {
      "date": "1970-01-01T00:00:00.000Z",
      "id": 44,
      "name": "Leader44",
      "score": 45,
    },
    Object {
      "date": "1970-01-01T00:00:00.000Z",
      "id": 43,
      "name": "Leader43",
      "score": 44,
    },
    Object {
      "date": "1970-01-01T00:00:00.000Z",
      "id": 42,
      "name": "Leader42",
      "score": 43,
    },
    Object {
      "date": "1970-01-01T00:00:00.000Z",
      "id": 41,
      "name": "Leader41",
      "score": 42,
    },
    Object {
      "date": "1970-01-01T00:00:00.000Z",
      "id": 40,
      "name": "Leader40",
      "score": 41,
    },
    Object {
      "date": "1970-01-01T00:00:00.000Z",
      "id": 39,
      "name": "Leader39",
      "score": 40,
    },
    Object {
      "date": "1970-01-01T00:00:00.000Z",
      "id": 38,
      "name": "Leader38",
      "score": 39,
    },
    Object {
      "date": "1970-01-01T00:00:00.000Z",
      "id": 37,
      "name": "Leader37",
      "score": 38,
    },
    Object {
      "date": "1970-01-01T00:00:00.000Z",
      "id": 36,
      "name": "Leader36",
      "score": 37,
    },
    Object {
      "date": "1970-01-01T00:00:00.000Z",
      "id": 35,
      "name": "Leader35",
      "score": 36,
    },
    Object {
      "date": "1970-01-01T00:00:00.000Z",
      "id": 34,
      "name": "Leader34",
      "score": 35,
    },
    Object {
      "date": "1970-01-01T00:00:00.000Z",
      "id": 33,
      "name": "Leader33",
      "score": 34,
    },
    Object {
      "date": "1970-01-01T00:00:00.000Z",
      "id": 32,
      "name": "Leader32",
      "score": 33,
    },
    Object {
      "date": "1970-01-01T00:00:00.000Z",
      "id": 31,
      "name": "Leader31",
      "score": 32,
    },
    Object {
      "date": "1970-01-01T00:00:00.000Z",
      "id": 30,
      "name": "Leader30",
      "score": 31,
    },
    Object {
      "date": "1970-01-01T00:00:00.000Z",
      "id": 29,
      "name": "Leader29",
      "score": 30,
    },
    Object {
      "date": "1970-01-01T00:00:00.000Z",
      "id": 28,
      "name": "Leader28",
      "score": 29,
    },
    Object {
      "date": "1970-01-01T00:00:00.000Z",
      "id": 27,
      "name": "Leader27",
      "score": 28,
    },
    Object {
      "date": "1970-01-01T00:00:00.000Z",
      "id": 26,
      "name": "Leader26",
      "score": 27,
    },
    Object {
      "date": "1970-01-01T00:00:00.000Z",
      "id": 25,
      "name": "Leader25",
      "score": 26,
    },
    Object {
      "date": "1970-01-01T00:00:00.000Z",
      "id": 24,
      "name": "Leader24",
      "score": 25,
    },
    Object {
      "date": "1970-01-01T00:00:00.000Z",
      "id": 23,
      "name": "Leader23",
      "score": 24,
    },
    Object {
      "date": "1970-01-01T00:00:00.000Z",
      "id": 22,
      "name": "Leader22",
      "score": 23,
    },
    Object {
      "date": "1970-01-01T00:00:00.000Z",
      "id": 21,
      "name": "Leader21",
      "score": 22,
    },
    Object {
      "date": "1970-01-01T00:00:00.000Z",
      "id": 20,
      "name": "Leader20",
      "score": 21,
    },
    Object {
      "date": "1970-01-01T00:00:00.000Z",
      "id": 19,
      "name": "Leader19",
      "score": 20,
    },
  ],
}
`;
